Command line invocation:
    /Applications/Xcode_26.3.app/Contents/Developer/usr/bin/xcodebuild archive -workspace ./TranslateApp.xcodeproj/project.xcworkspace -scheme TranslateApp -configuration Release -destination generic/platform=iOS -archivePath /Users/runner/work/Ultra_Translation/Ultra_Translation/build.xcarchive

ComputePackagePrebuildTargetDependencyGraph

Prepare packages

CreateBuildRequest

SendProjectDescription

CreateBuildOperation

ComputeTargetDependencyGraph
note: Building targets in dependency order
note: Target dependency graph (1 target)
    Target 'TranslateApp' in project 'TranslateApp' (no dependencies)

GatherProvisioningInputs

CreateBuildDescription

ExecuteExternalTool /Applications/Xcode_26.3.app/Contents/Developer/Toolchains/XcodeDefault.xctoolchain/usr/bin/clang -v -E -dM -arch arm64 -isysroot /Applications/Xcode_26.3.app/Contents/Developer/Platforms/iPhoneOS.platform/Developer/SDKs/iPhoneOS26.2.sdk -x c -c /dev/null

ExecuteExternalTool /Applications/Xcode_26.3.app/Contents/Developer/Toolchains/XcodeDefault.xctoolchain/usr/bin/clang -v -E -dM -isysroot /Applications/Xcode_26.3.app/Contents/Developer/Platforms/iPhoneOS.platform/Developer/SDKs/iPhoneOS26.2.sdk -x c -c /dev/null

ExecuteExternalTool /Applications/Xcode_26.3.app/Contents/Developer/usr/bin/actool --print-asset-tag-combinations --output-format xml1 /Users/runner/work/Ultra_Translation/Ultra_Translation/TranslateApp/Resources/Assets.xcassets

ExecuteExternalTool /Applications/Xcode_26.3.app/Contents/Developer/usr/bin/actool --version --output-format xml1

ExecuteExternalTool /Applications/Xcode_26.3.app/Contents/Developer/Toolchains/XcodeDefault.xctoolchain/usr/bin/swiftc --version

ExecuteExternalTool /Applications/Xcode_26.3.app/Contents/Developer/Toolchains/XcodeDefault.xctoolchain/usr/bin/ld -version_details

Build description signature: e6dac2cd751e15df4c7d398e3b4bb723
Build description path: /Users/runner/Library/Developer/Xcode/DerivedData/TranslateApp-dhxlwmsysdlfcpeksaunblwbmept/Build/Intermediates.noindex/ArchiveIntermediates/TranslateApp/IntermediateBuildFilesPath/XCBuildData/e6dac2cd751e15df4c7d398e3b4bb723.xcbuilddata
CreateBuildDirectory /Users/runner/Library/Developer/Xcode/DerivedData/TranslateApp-dhxlwmsysdlfcpeksaunblwbmept/Build/Intermediates.noindex/ArchiveIntermediates/TranslateApp/IntermediateBuildFilesPath
    cd /Users/runner/work/Ultra_Translation/Ultra_Translation/TranslateApp.xcodeproj
    builtin-create-build-directory /Users/runner/Library/Developer/Xcode/DerivedData/TranslateApp-dhxlwmsysdlfcpeksaunblwbmept/Build/Intermediates.noindex/ArchiveIntermediates/TranslateApp/IntermediateBuildFilesPath

CreateBuildDirectory /Users/runner/Library/Developer/Xcode/DerivedData/TranslateApp-dhxlwmsysdlfcpeksaunblwbmept/Build/Intermediates.noindex/ArchiveIntermediates/TranslateApp/InstallationBuildProductsLocation
    cd /Users/runner/work/Ultra_Translation/Ultra_Translation/TranslateApp.xcodeproj
    builtin-create-build-directory /Users/runner/Library/Developer/Xcode/DerivedData/TranslateApp-dhxlwmsysdlfcpeksaunblwbmept/Build/Intermediates.noindex/ArchiveIntermediates/TranslateApp/InstallationBuildProductsLocation

CreateBuildDirectory /Users/runner/Library/Developer/Xcode/DerivedData/TranslateApp-dhxlwmsysdlfcpeksaunblwbmept/Build/Intermediates.noindex/ArchiveIntermediates/TranslateApp/BuildProductsPath
    cd /Users/runner/work/Ultra_Translation/Ultra_Translation/TranslateApp.xcodeproj
    builtin-create-build-directory /Users/runner/Library/Developer/Xcode/DerivedData/TranslateApp-dhxlwmsysdlfcpeksaunblwbmept/Build/Intermediates.noindex/ArchiveIntermediates/TranslateApp/BuildProductsPath

ClangStatCache /Applications/Xcode_26.3.app/Contents/Developer/Toolchains/XcodeDefault.xctoolchain/usr/bin/clang-stat-cache /Applications/Xcode_26.3.app/Contents/Developer/Platforms/iPhoneOS.platform/Developer/SDKs/iPhoneOS26.2.sdk /Users/runner/Library/Developer/Xcode/DerivedData/SDKStatCaches.noindex/iphoneos26.2-23C57-dc75598d0054f22ec865fa860f139d722dd23b4ebda140f7210d155ff1243552.sdkstatcache
    cd /Users/runner/work/Ultra_Translation/Ultra_Translation/TranslateApp.xcodeproj
    /Applications/Xcode_26.3.app/Contents/Developer/Toolchains/XcodeDefault.xctoolchain/usr/bin/clang-stat-cache /Applications/Xcode_26.3.app/Contents/Developer/Platforms/iPhoneOS.platform/Developer/SDKs/iPhoneOS26.2.sdk -o /Users/runner/Library/Developer/Xcode/DerivedData/SDKStatCaches.noindex/iphoneos26.2-23C57-dc75598d0054f22ec865fa860f139d722dd23b4ebda140f7210d155ff1243552.sdkstatcache

WriteAuxiliaryFile /Users/runner/Library/Developer/Xcode/DerivedData/TranslateApp-dhxlwmsysdlfcpeksaunblwbmept/Build/Intermediates.noindex/ArchiveIntermediates/TranslateApp/IntermediateBuildFilesPath/TranslateApp.build/Release-iphoneos/TranslateApp-bb8ba0023ba4ec58d34eec82412c2eae-VFS-iphoneos/all-product-headers.yaml
    cd /Users/runner/work/Ultra_Translation/Ultra_Translation/TranslateApp.xcodeproj
    write-file /Users/runner/Library/Developer/Xcode/DerivedData/TranslateApp-dhxlwmsysdlfcpeksaunblwbmept/Build/Intermediates.noindex/ArchiveIntermediates/TranslateApp/IntermediateBuildFilesPath/TranslateApp.build/Release-iphoneos/TranslateApp-bb8ba0023ba4ec58d34eec82412c2eae-VFS-iphoneos/all-product-headers.yaml

CreateBuildDirectory /Users/runner/Library/Developer/Xcode/DerivedData/TranslateApp-dhxlwmsysdlfcpeksaunblwbmept/Build/Intermediates.noindex/ArchiveIntermediates/TranslateApp/IntermediateBuildFilesPath/SwiftExplicitPrecompiledModules
    cd /Users/runner/work/Ultra_Translation/Ultra_Translation/TranslateApp.xcodeproj
    builtin-create-build-directory /Users/runner/Library/Developer/Xcode/DerivedData/TranslateApp-dhxlwmsysdlfcpeksaunblwbmept/Build/Intermediates.noindex/ArchiveIntermediates/TranslateApp/IntermediateBuildFilesPath/SwiftExplicitPrecompiledModules

CreateBuildDirectory /Users/runner/Library/Developer/Xcode/DerivedData/TranslateApp-dhxlwmsysdlfcpeksaunblwbmept/Build/Intermediates.noindex/ArchiveIntermediates/TranslateApp/IntermediateBuildFilesPath/ExplicitPrecompiledModules
    cd /Users/runner/work/Ultra_Translation/Ultra_Translation/TranslateApp.xcodeproj
    builtin-create-build-directory /Users/runner/Library/Developer/Xcode/DerivedData/TranslateApp-dhxlwmsysdlfcpeksaunblwbmept/Build/Intermediates.noindex/ArchiveIntermediates/TranslateApp/IntermediateBuildFilesPath/ExplicitPrecompiledModules

CreateBuildDirectory /Users/runner/Library/Developer/Xcode/DerivedData/TranslateApp-dhxlwmsysdlfcpeksaunblwbmept/Build/Intermediates.noindex/ArchiveIntermediates/TranslateApp/IntermediateBuildFilesPath/EagerLinkingTBDs/Release-iphoneos
    cd /Users/runner/work/Ultra_Translation/Ultra_Translation/TranslateApp.xcodeproj
    builtin-create-build-directory /Users/runner/Library/Developer/Xcode/DerivedData/TranslateApp-dhxlwmsysdlfcpeksaunblwbmept/Build/Intermediates.noindex/ArchiveIntermediates/TranslateApp/IntermediateBuildFilesPath/EagerLinkingTBDs/Release-iphoneos

CreateBuildDirectory /Users/runner/Library/Developer/Xcode/DerivedData/TranslateApp-dhxlwmsysdlfcpeksaunblwbmept/Build/Intermediates.noindex/ArchiveIntermediates/TranslateApp/BuildProductsPath/Release-iphoneos
    cd /Users/runner/work/Ultra_Translation/Ultra_Translation/TranslateApp.xcodeproj
    builtin-create-build-directory /Users/runner/Library/Developer/Xcode/DerivedData/TranslateApp-dhxlwmsysdlfcpeksaunblwbmept/Build/Intermediates.noindex/ArchiveIntermediates/TranslateApp/BuildProductsPath/Release-iphoneos

WriteAuxiliaryFile /Users/runner/Library/Developer/Xcode/DerivedData/TranslateApp-dhxlwmsysdlfcpeksaunblwbmept/Build/Intermediates.noindex/ArchiveIntermediates/TranslateApp/IntermediateBuildFilesPath/TranslateApp.build/Release-iphoneos/TranslateApp.build/TranslateApp.hmap (in target 'TranslateApp' from project 'TranslateApp')
    cd /Users/runner/work/Ultra_Translation/Ultra_Translation
    write-file /Users/runner/Library/Developer/Xcode/DerivedData/TranslateApp-dhxlwmsysdlfcpeksaunblwbmept/Build/Intermediates.noindex/ArchiveIntermediates/TranslateApp/IntermediateBuildFilesPath/TranslateApp.build/Release-iphoneos/TranslateApp.build/TranslateApp.hmap

WriteAuxiliaryFile /Users/runner/Library/Developer/Xcode/DerivedData/TranslateApp-dhxlwmsysdlfcpeksaunblwbmept/Build/Intermediates.noindex/ArchiveIntermediates/TranslateApp/IntermediateBuildFilesPath/TranslateApp.build/Release-iphoneos/TranslateApp.build/TranslateApp.DependencyStaticMetadataFileList (in target 'TranslateApp' from project 'TranslateApp')
    cd /Users/runner/work/Ultra_Translation/Ultra_Translation
    write-file /Users/runner/Library/Developer/Xcode/DerivedData/TranslateApp-dhxlwmsysdlfcpeksaunblwbmept/Build/Intermediates.noindex/ArchiveIntermediates/TranslateApp/IntermediateBuildFilesPath/TranslateApp.build/Release-iphoneos/TranslateApp.build/TranslateApp.DependencyStaticMetadataFileList

WriteAuxiliaryFile /Users/runner/Library/Developer/Xcode/DerivedData/TranslateApp-dhxlwmsysdlfcpeksaunblwbmept/Build/Intermediates.noindex/ArchiveIntermediates/TranslateApp/IntermediateBuildFilesPath/TranslateApp.build/Release-iphoneos/TranslateApp.build/TranslateApp.DependencyMetadataFileList (in target 'TranslateApp' from project 'TranslateApp')
    cd /Users/runner/work/Ultra_Translation/Ultra_Translation
    write-file /Users/runner/Library/Developer/Xcode/DerivedData/TranslateApp-dhxlwmsysdlfcpeksaunblwbmept/Build/Intermediates.noindex/ArchiveIntermediates/TranslateApp/IntermediateBuildFilesPath/TranslateApp.build/Release-iphoneos/TranslateApp.build/TranslateApp.DependencyMetadataFileList

WriteAuxiliaryFile /Users/runner/Library/Developer/Xcode/DerivedData/TranslateApp-dhxlwmsysdlfcpeksaunblwbmept/Build/Intermediates.noindex/ArchiveIntermediates/TranslateApp/IntermediateBuildFilesPath/TranslateApp.build/Release-iphoneos/TranslateApp.build/TranslateApp-project-headers.hmap (in target 'TranslateApp' from project 'TranslateApp')
    cd /Users/runner/work/Ultra_Translation/Ultra_Translation
    write-file /Users/runner/Library/Developer/Xcode/DerivedData/TranslateApp-dhxlwmsysdlfcpeksaunblwbmept/Build/Intermediates.noindex/ArchiveIntermediates/TranslateApp/IntermediateBuildFilesPath/TranslateApp.build/Release-iphoneos/TranslateApp.build/TranslateApp-project-headers.hmap

WriteAuxiliaryFile /Users/runner/Library/Developer/Xcode/DerivedData/TranslateApp-dhxlwmsysdlfcpeksaunblwbmept/Build/Intermediates.noindex/ArchiveIntermediates/TranslateApp/IntermediateBuildFilesPath/TranslateApp.build/Release-iphoneos/TranslateApp.build/TranslateApp-own-target-headers.hmap (in target 'TranslateApp' from project 'TranslateApp')
    cd /Users/runner/work/Ultra_Translation/Ultra_Translation
    write-file /Users/runner/Library/Developer/Xcode/DerivedData/TranslateApp-dhxlwmsysdlfcpeksaunblwbmept/Build/Intermediates.noindex/ArchiveIntermediates/TranslateApp/IntermediateBuildFilesPath/TranslateApp.build/Release-iphoneos/TranslateApp.build/TranslateApp-own-target-headers.hmap

WriteAuxiliaryFile /Users/runner/Library/Developer/Xcode/DerivedData/TranslateApp-dhxlwmsysdlfcpeksaunblwbmept/Build/Intermediates.noindex/ArchiveIntermediates/TranslateApp/IntermediateBuildFilesPath/TranslateApp.build/Release-iphoneos/TranslateApp.build/TranslateApp-generated-files.hmap (in target 'TranslateApp' from project 'TranslateApp')
    cd /Users/runner/work/Ultra_Translation/Ultra_Translation
    write-file /Users/runner/Library/Developer/Xcode/DerivedData/TranslateApp-dhxlwmsysdlfcpeksaunblwbmept/Build/Intermediates.noindex/ArchiveIntermediates/TranslateApp/IntermediateBuildFilesPath/TranslateApp.build/Release-iphoneos/TranslateApp.build/TranslateApp-generated-files.hmap

WriteAuxiliaryFile /Users/runner/Library/Developer/Xcode/DerivedData/TranslateApp-dhxlwmsysdlfcpeksaunblwbmept/Build/Intermediates.noindex/ArchiveIntermediates/TranslateApp/IntermediateBuildFilesPath/TranslateApp.build/Release-iphoneos/TranslateApp.build/TranslateApp-all-target-headers.hmap (in target 'TranslateApp' from project 'TranslateApp')
    cd /Users/runner/work/Ultra_Translation/Ultra_Translation
    write-file /Users/runner/Library/Developer/Xcode/DerivedData/TranslateApp-dhxlwmsysdlfcpeksaunblwbmept/Build/Intermediates.noindex/ArchiveIntermediates/TranslateApp/IntermediateBuildFilesPath/TranslateApp.build/Release-iphoneos/TranslateApp.build/TranslateApp-all-target-headers.hmap

WriteAuxiliaryFile /Users/runner/Library/Developer/Xcode/DerivedData/TranslateApp-dhxlwmsysdlfcpeksaunblwbmept/Build/Intermediates.noindex/ArchiveIntermediates/TranslateApp/IntermediateBuildFilesPath/TranslateApp.build/Release-iphoneos/TranslateApp.build/TranslateApp-all-non-framework-target-headers.hmap (in target 'TranslateApp' from project 'TranslateApp')
    cd /Users/runner/work/Ultra_Translation/Ultra_Translation
    write-file /Users/runner/Library/Developer/Xcode/DerivedData/TranslateApp-dhxlwmsysdlfcpeksaunblwbmept/Build/Intermediates.noindex/ArchiveIntermediates/TranslateApp/IntermediateBuildFilesPath/TranslateApp.build/Release-iphoneos/TranslateApp.build/TranslateApp-all-non-framework-target-headers.hmap

WriteAuxiliaryFile /Users/runner/Library/Developer/Xcode/DerivedData/TranslateApp-dhxlwmsysdlfcpeksaunblwbmept/Build/Intermediates.noindex/ArchiveIntermediates/TranslateApp/IntermediateBuildFilesPath/TranslateApp.build/Release-iphoneos/TranslateApp.build/Script-F64EF78FC421B2D3AE9F31D3.sh (in target 'TranslateApp' from project 'TranslateApp')
    cd /Users/runner/work/Ultra_Translation/Ultra_Translation
    write-file /Users/runner/Library/Developer/Xcode/DerivedData/TranslateApp-dhxlwmsysdlfcpeksaunblwbmept/Build/Intermediates.noindex/ArchiveIntermediates/TranslateApp/IntermediateBuildFilesPath/TranslateApp.build/Release-iphoneos/TranslateApp.build/Script-F64EF78FC421B2D3AE9F31D3.sh

WriteAuxiliaryFile /Users/runner/Library/Developer/Xcode/DerivedData/TranslateApp-dhxlwmsysdlfcpeksaunblwbmept/Build/Intermediates.noindex/ArchiveIntermediates/TranslateApp/IntermediateBuildFilesPath/TranslateApp.build/Release-iphoneos/TranslateApp.build/Script-E455F24F4851E8E9A790FC27.sh (in target 'TranslateApp' from project 'TranslateApp')
    cd /Users/runner/work/Ultra_Translation/Ultra_Translation
    write-file /Users/runner/Library/Developer/Xcode/DerivedData/TranslateApp-dhxlwmsysdlfcpeksaunblwbmept/Build/Intermediates.noindex/ArchiveIntermediates/TranslateApp/IntermediateBuildFilesPath/TranslateApp.build/Release-iphoneos/TranslateApp.build/Script-E455F24F4851E8E9A790FC27.sh

WriteAuxiliaryFile /Users/runner/Library/Developer/Xcode/DerivedData/TranslateApp-dhxlwmsysdlfcpeksaunblwbmept/Build/Intermediates.noindex/ArchiveIntermediates/TranslateApp/IntermediateBuildFilesPath/TranslateApp.build/Release-iphoneos/TranslateApp.build/Script-0F55FD2B6127539E91B0B9F8.sh (in target 'TranslateApp' from project 'TranslateApp')
    cd /Users/runner/work/Ultra_Translation/Ultra_Translation
    write-file /Users/runner/Library/Developer/Xcode/DerivedData/TranslateApp-dhxlwmsysdlfcpeksaunblwbmept/Build/Intermediates.noindex/ArchiveIntermediates/TranslateApp/IntermediateBuildFilesPath/TranslateApp.build/Release-iphoneos/TranslateApp.build/Script-0F55FD2B6127539E91B0B9F8.sh

WriteAuxiliaryFile /Users/runner/Library/Developer/Xcode/DerivedData/TranslateApp-dhxlwmsysdlfcpeksaunblwbmept/Build/Intermediates.noindex/ArchiveIntermediates/TranslateApp/IntermediateBuildFilesPath/TranslateApp.build/Release-iphoneos/TranslateApp.build/OutputFileList-F64EF78FC421B2D3AE9F31D3-Pods-TranslateApp-resources-Release-output-files-97062a4c8efc99c02fe8f1d2c302d7ea-resolved.xcfilelist (in target 'TranslateApp' from project 'TranslateApp')
    cd /Users/runner/work/Ultra_Translation/Ultra_Translation
    write-file /Users/runner/Library/Developer/Xcode/DerivedData/TranslateApp-dhxlwmsysdlfcpeksaunblwbmept/Build/Intermediates.noindex/ArchiveIntermediates/TranslateApp/IntermediateBuildFilesPath/TranslateApp.build/Release-iphoneos/TranslateApp.build/OutputFileList-F64EF78FC421B2D3AE9F31D3-Pods-TranslateApp-resources-Release-output-files-97062a4c8efc99c02fe8f1d2c302d7ea-resolved.xcfilelist

WriteAuxiliaryFile /Users/runner/Library/Developer/Xcode/DerivedData/TranslateApp-dhxlwmsysdlfcpeksaunblwbmept/Build/Intermediates.noindex/ArchiveIntermediates/TranslateApp/IntermediateBuildFilesPath/TranslateApp.build/Release-iphoneos/TranslateApp.build/OutputFileList-0F55FD2B6127539E91B0B9F8-Pods-TranslateApp-frameworks-Release-output-files-f620af8de2b1d6ef4258cba638dca91c-resolved.xcfilelist (in target 'TranslateApp' from project 'TranslateApp')
    cd /Users/runner/work/Ultra_Translation/Ultra_Translation
    write-file /Users/runner/Library/Developer/Xcode/DerivedData/TranslateApp-dhxlwmsysdlfcpeksaunblwbmept/Build/Intermediates.noindex/ArchiveIntermediates/TranslateApp/IntermediateBuildFilesPath/TranslateApp.build/Release-iphoneos/TranslateApp.build/OutputFileList-0F55FD2B6127539E91B0B9F8-Pods-TranslateApp-frameworks-Release-output-files-f620af8de2b1d6ef4258cba638dca91c-resolved.xcfilelist

WriteAuxiliaryFile /Users/runner/Library/Developer/Xcode/DerivedData/TranslateApp-dhxlwmsysdlfcpeksaunblwbmept/Build/Intermediates.noindex/ArchiveIntermediates/TranslateApp/IntermediateBuildFilesPath/TranslateApp.build/Release-iphoneos/TranslateApp.build/Objects-normal/arm64/TranslateApp_const_extract_protocols.json (in target 'TranslateApp' from project 'TranslateApp')
    cd /Users/runner/work/Ultra_Translation/Ultra_Translation
    write-file /Users/runner/Library/Developer/Xcode/DerivedData/TranslateApp-dhxlwmsysdlfcpeksaunblwbmept/Build/Intermediates.noindex/ArchiveIntermediates/TranslateApp/IntermediateBuildFilesPath/TranslateApp.build/Release-iphoneos/TranslateApp.build/Objects-normal/arm64/TranslateApp_const_extract_protocols.json

WriteAuxiliaryFile /Users/runner/Library/Developer/Xcode/DerivedData/TranslateApp-dhxlwmsysdlfcpeksaunblwbmept/Build/Intermediates.noindex/ArchiveIntermediates/TranslateApp/IntermediateBuildFilesPath/TranslateApp.build/Release-iphoneos/TranslateApp.build/Objects-normal/arm64/TranslateApp.SwiftFileList (in target 'TranslateApp' from project 'TranslateApp')
    cd /Users/runner/work/Ultra_Translation/Ultra_Translation
    write-file /Users/runner/Library/Developer/Xcode/DerivedData/TranslateApp-dhxlwmsysdlfcpeksaunblwbmept/Build/Intermediates.noindex/ArchiveIntermediates/TranslateApp/IntermediateBuildFilesPath/TranslateApp.build/Release-iphoneos/TranslateApp.build/Objects-normal/arm64/TranslateApp.SwiftFileList

WriteAuxiliaryFile /Users/runner/Library/Developer/Xcode/DerivedData/TranslateApp-dhxlwmsysdlfcpeksaunblwbmept/Build/Intermediates.noindex/ArchiveIntermediates/TranslateApp/IntermediateBuildFilesPath/TranslateApp.build/Release-iphoneos/TranslateApp.build/Objects-normal/arm64/TranslateApp.SwiftConstValuesFileList (in target 'TranslateApp' from project 'TranslateApp')
    cd /Users/runner/work/Ultra_Translation/Ultra_Translation
    write-file /Users/runner/Library/Developer/Xcode/DerivedData/TranslateApp-dhxlwmsysdlfcpeksaunblwbmept/Build/Intermediates.noindex/ArchiveIntermediates/TranslateApp/IntermediateBuildFilesPath/TranslateApp.build/Release-iphoneos/TranslateApp.build/Objects-normal/arm64/TranslateApp.SwiftConstValuesFileList

WriteAuxiliaryFile /Users/runner/Library/Developer/Xcode/DerivedData/TranslateApp-dhxlwmsysdlfcpeksaunblwbmept/Build/Intermediates.noindex/ArchiveIntermediates/TranslateApp/IntermediateBuildFilesPath/TranslateApp.build/Release-iphoneos/TranslateApp.build/Objects-normal/arm64/TranslateApp.LinkFileList (in target 'TranslateApp' from project 'TranslateApp')
    cd /Users/runner/work/Ultra_Translation/Ultra_Translation
    write-file /Users/runner/Library/Developer/Xcode/DerivedData/TranslateApp-dhxlwmsysdlfcpeksaunblwbmept/Build/Intermediates.noindex/ArchiveIntermediates/TranslateApp/IntermediateBuildFilesPath/TranslateApp.build/Release-iphoneos/TranslateApp.build/Objects-normal/arm64/TranslateApp.LinkFileList

WriteAuxiliaryFile /Users/runner/Library/Developer/Xcode/DerivedData/TranslateApp-dhxlwmsysdlfcpeksaunblwbmept/Build/Intermediates.noindex/ArchiveIntermediates/TranslateApp/IntermediateBuildFilesPath/TranslateApp.build/Release-iphoneos/TranslateApp.build/Objects-normal/arm64/TranslateApp-OutputFileMap.json (in target 'TranslateApp' from project 'TranslateApp')
    cd /Users/runner/work/Ultra_Translation/Ultra_Translation
    write-file /Users/runner/Library/Developer/Xcode/DerivedData/TranslateApp-dhxlwmsysdlfcpeksaunblwbmept/Build/Intermediates.noindex/ArchiveIntermediates/TranslateApp/IntermediateBuildFilesPath/TranslateApp.build/Release-iphoneos/TranslateApp.build/Objects-normal/arm64/TranslateApp-OutputFileMap.json

WriteAuxiliaryFile /Users/runner/Library/Developer/Xcode/DerivedData/TranslateApp-dhxlwmsysdlfcpeksaunblwbmept/Build/Intermediates.noindex/ArchiveIntermediates/TranslateApp/IntermediateBuildFilesPath/TranslateApp.build/Release-iphoneos/TranslateApp.build/Objects-normal/arm64/7187679823f38a2a940e0043cdf9d637-common-args.resp (in target 'TranslateApp' from project 'TranslateApp')
    cd /Users/runner/work/Ultra_Translation/Ultra_Translation
    write-file /Users/runner/Library/Developer/Xcode/DerivedData/TranslateApp-dhxlwmsysdlfcpeksaunblwbmept/Build/Intermediates.noindex/ArchiveIntermediates/TranslateApp/IntermediateBuildFilesPath/TranslateApp.build/Release-iphoneos/TranslateApp.build/Objects-normal/arm64/7187679823f38a2a940e0043cdf9d637-common-args.resp
-target arm64-apple-ios16.0 '-std=gnu11' -fmodules -gmodules '-fmodules-cache-path=/Users/runner/Library/Developer/Xcode/DerivedData/ModuleCache.noindex' -fpascal-strings -Os -fno-common '-DCOCOAPODS=1' '-DPB_FIELD_32BIT=1' '-DPB_NO_PACKED_STRUCTS=1' '-DPB_ENABLE_MALLOC=1' -isysroot /Applications/Xcode_26.3.app/Contents/Developer/Platforms/iPhoneOS.platform/Developer/SDKs/iPhoneOS26.2.sdk -g '-fvisibility=hidden' -iquote /Users/runner/Library/Developer/Xcode/DerivedData/TranslateApp-dhxlwmsysdlfcpeksaunblwbmept/Build/Intermediates.noindex/ArchiveIntermediates/TranslateApp/IntermediateBuildFilesPath/TranslateApp.build/Release-iphoneos/TranslateApp.build/TranslateApp-generated-files.hmap -I/Users/runner/Library/Developer/Xcode/DerivedData/TranslateApp-dhxlwmsysdlfcpeksaunblwbmept/Build/Intermediates.noindex/ArchiveIntermediates/TranslateApp/IntermediateBuildFilesPath/TranslateApp.build/Release-iphoneos/TranslateApp.build/TranslateApp-own-target-headers.hmap -I/Users/runner/Library/Developer/Xcode/DerivedData/TranslateApp-dhxlwmsysdlfcpeksaunblwbmept/Build/Intermediates.noindex/ArchiveIntermediates/TranslateApp/IntermediateBuildFilesPath/TranslateApp.build/Release-iphoneos/TranslateApp.build/TranslateApp-all-target-headers.hmap -iquote /Users/runner/Library/Developer/Xcode/DerivedData/TranslateApp-dhxlwmsysdlfcpeksaunblwbmept/Build/Intermediates.noindex/ArchiveIntermediates/TranslateApp/IntermediateBuildFilesPath/TranslateApp.build/Release-iphoneos/TranslateApp.build/TranslateApp-project-headers.hmap -I/Users/runner/Library/Developer/Xcode/DerivedData/TranslateApp-dhxlwmsysdlfcpeksaunblwbmept/Build/Intermediates.noindex/ArchiveIntermediates/TranslateApp/BuildProductsPath/Release-iphoneos/include -I/Users/runner/Library/Developer/Xcode/DerivedData/TranslateApp-dhxlwmsysdlfcpeksaunblwbmept/Build/Intermediates.noindex/ArchiveIntermediates/TranslateApp/BuildProductsPath/Release-iphoneos/GTMSessionFetcher/GTMSessionFetcher.framework/Headers -I/Users/runner/Library/Developer/Xcode/DerivedData/TranslateApp-dhxlwmsysdlfcpeksaunblwbmept/Build/Intermediates.noindex/ArchiveIntermediates/TranslateApp/BuildProductsPath/Release-iphoneos/GoogleDataTransport/GoogleDataTransport.framework/Headers -I/Users/runner/Library/Developer/Xcode/DerivedData/TranslateApp-dhxlwmsysdlfcpeksaunblwbmept/Build/Intermediates.noindex/ArchiveIntermediates/TranslateApp/BuildProductsPath/Release-iphoneos/GoogleToolboxForMac/GoogleToolboxForMac.framework/Headers -I/Users/runner/Library/Developer/Xcode/DerivedData/TranslateApp-dhxlwmsysdlfcpeksaunblwbmept/Build/Intermediates.noindex/ArchiveIntermediates/TranslateApp/BuildProductsPath/Release-iphoneos/GoogleUtilities/GoogleUtilities.framework/Headers -I/Users/runner/Library/Developer/Xcode/DerivedData/TranslateApp-dhxlwmsysdlfcpeksaunblwbmept/Build/Intermediates.noindex/ArchiveIntermediates/TranslateApp/BuildProductsPath/Release-iphoneos/PromisesObjC/FBLPromises.framework/Headers -I/Users/runner/Library/Developer/Xcode/DerivedData/TranslateApp-dhxlwmsysdlfcpeksaunblwbmept/Build/Intermediates.noindex/ArchiveIntermediates/TranslateApp/BuildProductsPath/Release-iphoneos/SSZipArchive/SSZipArchive.framework/Headers -I/Users/runner/Library/Developer/Xcode/DerivedData/TranslateApp-dhxlwmsysdlfcpeksaunblwbmept/Build/Intermediates.noindex/ArchiveIntermediates/TranslateApp/BuildProductsPath/Release-iphoneos/SubscriptionKit/SubscriptionKit.framework/Headers -I/Users/runner/Library/Developer/Xcode/DerivedData/TranslateApp-dhxlwmsysdlfcpeksaunblwbmept/Build/Intermediates.noindex/ArchiveIntermediates/TranslateApp/BuildProductsPath/Release-iphoneos/nanopb/nanopb.framework/Headers -I/Users/runner/work/Ultra_Translation/Ultra_Translation/Pods/Headers/Public -I/Users/runner/work/Ultra_Translation/Ultra_Translation/Pods/Headers/Public/GoogleMLKit -I/Users/runner/work/Ultra_Translation/Ultra_Translation/Pods/GoogleMLKit/MLKitCore/Sources -I/Users/runner/Library/Developer/Xcode/DerivedData/TranslateApp-dhxlwmsysdlfcpeksaunblwbmept/Build/Intermediates.noindex/ArchiveIntermediates/TranslateApp/IntermediateBuildFilesPath/TranslateApp.build/Release-iphoneos/TranslateApp.build/DerivedSources-normal/arm64 -I/Users/runner/Library/Developer/Xcode/DerivedData/TranslateApp-dhxlwmsysdlfcpeksaunblwbmept/Build/Intermediates.noindex/ArchiveIntermediates/TranslateApp/IntermediateBuildFilesPath/TranslateApp.build/Release-iphoneos/TranslateApp.build/DerivedSources/arm64 -I/Users/runner/Library/Developer/Xcode/DerivedData/TranslateApp-dhxlwmsysdlfcpeksaunblwbmept/Build/Intermediates.noindex/ArchiveIntermediates/TranslateApp/IntermediateBuildFilesPath/TranslateApp.build/Release-iphoneos/TranslateApp.build/DerivedSources -F/Users/runner/Library/Developer/Xcode/DerivedData/TranslateApp-dhxlwmsysdlfcpeksaunblwbmept/Build/Intermediates.noindex/ArchiveIntermediates/TranslateApp/BuildProductsPath/Release-iphoneos -F/Users/runner/Library/Developer/Xcode/DerivedData/TranslateApp-dhxlwmsysdlfcpeksaunblwbmept/Build/Intermediates.noindex/ArchiveIntermediates/TranslateApp/BuildProductsPath/Release-iphoneos/GTMSessionFetcher -F/Users/runner/Library/Developer/Xcode/DerivedData/TranslateApp-dhxlwmsysdlfcpeksaunblwbmept/Build/Intermediates.noindex/ArchiveIntermediates/TranslateApp/BuildProductsPath/Release-iphoneos/GoogleDataTransport -F/Users/runner/Library/Developer/Xcode/DerivedData/TranslateApp-dhxlwmsysdlfcpeksaunblwbmept/Build/Intermediates.noindex/ArchiveIntermediates/TranslateApp/BuildProductsPath/Release-iphoneos/GoogleToolboxForMac -F/Users/runner/Library/Developer/Xcode/DerivedData/TranslateApp-dhxlwmsysdlfcpeksaunblwbmept/Build/Intermediates.noindex/ArchiveIntermediates/TranslateApp/BuildProductsPath/Release-iphoneos/GoogleUtilities -F/Users/runner/Library/Developer/Xcode/DerivedData/TranslateApp-dhxlwmsysdlfcpeksaunblwbmept/Build/Intermediates.noindex/ArchiveIntermediates/TranslateApp/BuildProductsPath/Release-iphoneos/PromisesObjC -F/Users/runner/Library/Developer/Xcode/DerivedData/TranslateApp-dhxlwmsysdlfcpeksaunblwbmept/Build/Intermediates.noindex/ArchiveIntermediates/TranslateApp/BuildProductsPath/Release-iphoneos/SSZipArchive -F/Users/runner/Library/Developer/Xcode/DerivedData/TranslateApp-dhxlwmsysdlfcpeksaunblwbmept/Build/Intermediates.noindex/ArchiveIntermediates/TranslateApp/BuildProductsPath/Release-iphoneos/SubscriptionKit -F/Users/runner/Library/Developer/Xcode/DerivedData/TranslateApp-dhxlwmsysdlfcpeksaunblwbmept/Build/Intermediates.noindex/ArchiveIntermediates/TranslateApp/BuildProductsPath/Release-iphoneos/nanopb -F/Users/runner/work/Ultra_Translation/Ultra_Translation/Pods/MLKitCommon/Frameworks -F/Users/runner/work/Ultra_Translation/Ultra_Translation/Pods/MLKitNaturalLanguage/Frameworks -F/Users/runner/work/Ultra_Translation/Ultra_Translation/Pods/MLKitTranslate/Frameworks -F/Users/runner/work/Ultra_Translation/Ultra_Translation/Pods/UMCommon/UMCommon_7.5.10 -F/Users/runner/work/Ultra_Translation/Ultra_Translation/Pods/UMDevice/UMDevice_3.5.0 -F/Users/runner/Library/Developer/Xcode/DerivedData/TranslateApp-dhxlwmsysdlfcpeksaunblwbmept/Build/Intermediates.noindex/ArchiveIntermediates/TranslateApp/BuildProductsPath/Release-iphoneos/XCFrameworkIntermediates/UMCommon -F/Users/runner/Library/Developer/Xcode/DerivedData/TranslateApp-dhxlwmsysdlfcpeksaunblwbmept/Build/Intermediates.noindex/ArchiveIntermediates/TranslateApp/BuildProductsPath/Release-iphoneos/XCFrameworkIntermediates/UMDevice

WriteAuxiliaryFile /Users/runner/Library/Developer/Xcode/DerivedData/TranslateApp-dhxlwmsysdlfcpeksaunblwbmept/Build/Intermediates.noindex/ArchiveIntermediates/TranslateApp/IntermediateBuildFilesPath/TranslateApp.build/Release-iphoneos/TranslateApp.build/InputFileList-F64EF78FC421B2D3AE9F31D3-Pods-TranslateApp-resources-Release-input-files-9779f28c01cd6c6749989f803ece7458-resolved.xcfilelist (in target 'TranslateApp' from project 'TranslateApp')
    cd /Users/runner/work/Ultra_Translation/Ultra_Translation
    write-file /Users/runner/Library/Developer/Xcode/DerivedData/TranslateApp-dhxlwmsysdlfcpeksaunblwbmept/Build/Intermediates.noindex/ArchiveIntermediates/TranslateApp/IntermediateBuildFilesPath/TranslateApp.build/Release-iphoneos/TranslateApp.build/InputFileList-F64EF78FC421B2D3AE9F31D3-Pods-TranslateApp-resources-Release-input-files-9779f28c01cd6c6749989f803ece7458-resolved.xcfilelist

WriteAuxiliaryFile /Users/runner/Library/Developer/Xcode/DerivedData/TranslateApp-dhxlwmsysdlfcpeksaunblwbmept/Build/Intermediates.noindex/ArchiveIntermediates/TranslateApp/IntermediateBuildFilesPath/TranslateApp.build/Release-iphoneos/TranslateApp.build/InputFileList-0F55FD2B6127539E91B0B9F8-Pods-TranslateApp-frameworks-Release-input-files-f45f9ecc16facfd72f263615754d5cad-resolved.xcfilelist (in target 'TranslateApp' from project 'TranslateApp')
    cd /Users/runner/work/Ultra_Translation/Ultra_Translation
    write-file /Users/runner/Library/Developer/Xcode/DerivedData/TranslateApp-dhxlwmsysdlfcpeksaunblwbmept/Build/Intermediates.noindex/ArchiveIntermediates/TranslateApp/IntermediateBuildFilesPath/TranslateApp.build/Release-iphoneos/TranslateApp.build/InputFileList-0F55FD2B6127539E91B0B9F8-Pods-TranslateApp-frameworks-Release-input-files-f45f9ecc16facfd72f263615754d5cad-resolved.xcfilelist

WriteAuxiliaryFile /Users/runner/Library/Developer/Xcode/DerivedData/TranslateApp-dhxlwmsysdlfcpeksaunblwbmept/Build/Intermediates.noindex/ArchiveIntermediates/TranslateApp/IntermediateBuildFilesPath/TranslateApp.build/Release-iphoneos/TranslateApp.build/DerivedSources/TranslateApp_vers.c (in target 'TranslateApp' from project 'TranslateApp')
    cd /Users/runner/work/Ultra_Translation/Ultra_Translation
    write-file /Users/runner/Library/Developer/Xcode/DerivedData/TranslateApp-dhxlwmsysdlfcpeksaunblwbmept/Build/Intermediates.noindex/ArchiveIntermediates/TranslateApp/IntermediateBuildFilesPath/TranslateApp.build/Release-iphoneos/TranslateApp.build/DerivedSources/TranslateApp_vers.c

WriteAuxiliaryFile /Users/runner/Library/Developer/Xcode/DerivedData/TranslateApp-dhxlwmsysdlfcpeksaunblwbmept/Build/Intermediates.noindex/ArchiveIntermediates/TranslateApp/IntermediateBuildFilesPath/TranslateApp.build/Release-iphoneos/TranslateApp.build/DerivedSources/Entitlements.plist (in target 'TranslateApp' from project 'TranslateApp')
    cd /Users/runner/work/Ultra_Translation/Ultra_Translation
    write-file /Users/runner/Library/Developer/Xcode/DerivedData/TranslateApp-dhxlwmsysdlfcpeksaunblwbmept/Build/Intermediates.noindex/ArchiveIntermediates/TranslateApp/IntermediateBuildFilesPath/TranslateApp.build/Release-iphoneos/TranslateApp.build/DerivedSources/Entitlements.plist

SymLink /Users/runner/Library/Developer/Xcode/DerivedData/TranslateApp-dhxlwmsysdlfcpeksaunblwbmept/Build/Intermediates.noindex/ArchiveIntermediates/TranslateApp/BuildProductsPath/Release-iphoneos/TranslateApp.app ../../InstallationBuildProductsLocation/Applications/TranslateApp.app (in target 'TranslateApp' from project 'TranslateApp')
    cd /Users/runner/work/Ultra_Translation/Ultra_Translation
    /bin/ln -sfh ../../InstallationBuildProductsLocation/Applications/TranslateApp.app /Users/runner/Library/Developer/Xcode/DerivedData/TranslateApp-dhxlwmsysdlfcpeksaunblwbmept/Build/Intermediates.noindex/ArchiveIntermediates/TranslateApp/BuildProductsPath/Release-iphoneos/TranslateApp.app

MkDir /Users/runner/Library/Developer/Xcode/DerivedData/TranslateApp-dhxlwmsysdlfcpeksaunblwbmept/Build/Intermediates.noindex/ArchiveIntermediates/TranslateApp/InstallationBuildProductsLocation/Applications/TranslateApp.app/Frameworks (in target 'TranslateApp' from project 'TranslateApp')
    cd /Users/runner/work/Ultra_Translation/Ultra_Translation
    /bin/mkdir -p /Users/runner/Library/Developer/Xcode/DerivedData/TranslateApp-dhxlwmsysdlfcpeksaunblwbmept/Build/Intermediates.noindex/ArchiveIntermediates/TranslateApp/InstallationBuildProductsLocation/Applications/TranslateApp.app/Frameworks

MkDir /Users/runner/Library/Developer/Xcode/DerivedData/TranslateApp-dhxlwmsysdlfcpeksaunblwbmept/Build/Intermediates.noindex/ArchiveIntermediates/TranslateApp/InstallationBuildProductsLocation/Applications/TranslateApp.app (in target 'TranslateApp' from project 'TranslateApp')
    cd /Users/runner/work/Ultra_Translation/Ultra_Translation
    /bin/mkdir -p /Users/runner/Library/Developer/Xcode/DerivedData/TranslateApp-dhxlwmsysdlfcpeksaunblwbmept/Build/Intermediates.noindex/ArchiveIntermediates/TranslateApp/InstallationBuildProductsLocation/Applications/TranslateApp.app

ProcessProductPackaging /Users/runner/Library/MobileDevice/Provisioning\ Profiles/c53a0552-1775-4848-8e1e-4db228f57425.mobileprovision /Users/runner/Library/Developer/Xcode/DerivedData/TranslateApp-dhxlwmsysdlfcpeksaunblwbmept/Build/Intermediates.noindex/ArchiveIntermediates/TranslateApp/InstallationBuildProductsLocation/Applications/TranslateApp.app/embedded.mobileprovision (in target 'TranslateApp' from project 'TranslateApp')
    cd /Users/runner/work/Ultra_Translation/Ultra_Translation
    builtin-productPackagingUtility /Users/runner/Library/MobileDevice/Provisioning\ Profiles/c53a0552-1775-4848-8e1e-4db228f57425.mobileprovision -o /Users/runner/Library/Developer/Xcode/DerivedData/TranslateApp-dhxlwmsysdlfcpeksaunblwbmept/Build/Intermediates.noindex/ArchiveIntermediates/TranslateApp/InstallationBuildProductsLocation/Applications/TranslateApp.app/embedded.mobileprovision

ProcessProductPackaging "" /Users/runner/Library/Developer/Xcode/DerivedData/TranslateApp-dhxlwmsysdlfcpeksaunblwbmept/Build/Intermediates.noindex/ArchiveIntermediates/TranslateApp/IntermediateBuildFilesPath/TranslateApp.build/Release-iphoneos/TranslateApp.build/TranslateApp.app.xcent (in target 'TranslateApp' from project 'TranslateApp')
    cd /Users/runner/work/Ultra_Translation/Ultra_Translation
    
    Entitlements:
    
    {
    "application-identifier" = "6G8S89H94F.com.yahsi.trasnslate.app";
    "beta-reports-active" = 1;
    "com.apple.developer.team-identifier" = 6G8S89H94F;
    "get-task-allow" = 0;
}
    
    builtin-productPackagingUtility -entitlements -format xml -o /Users/runner/Library/Developer/Xcode/DerivedData/TranslateApp-dhxlwmsysdlfcpeksaunblwbmept/Build/Intermediates.noindex/ArchiveIntermediates/TranslateApp/IntermediateBuildFilesPath/TranslateApp.build/Release-iphoneos/TranslateApp.build/TranslateApp.app.xcent

ProcessProductPackagingDER /Users/runner/Library/Developer/Xcode/DerivedData/TranslateApp-dhxlwmsysdlfcpeksaunblwbmept/Build/Intermediates.noindex/ArchiveIntermediates/TranslateApp/IntermediateBuildFilesPath/TranslateApp.build/Release-iphoneos/TranslateApp.build/TranslateApp.app.xcent /Users/runner/Library/Developer/Xcode/DerivedData/TranslateApp-dhxlwmsysdlfcpeksaunblwbmept/Build/Intermediates.noindex/ArchiveIntermediates/TranslateApp/IntermediateBuildFilesPath/TranslateApp.build/Release-iphoneos/TranslateApp.build/TranslateApp.app.xcent.der (in target 'TranslateApp' from project 'TranslateApp')
    cd /Users/runner/work/Ultra_Translation/Ultra_Translation
    /usr/bin/derq query -f xml -i /Users/runner/Library/Developer/Xcode/DerivedData/TranslateApp-dhxlwmsysdlfcpeksaunblwbmept/Build/Intermediates.noindex/ArchiveIntermediates/TranslateApp/IntermediateBuildFilesPath/TranslateApp.build/Release-iphoneos/TranslateApp.build/TranslateApp.app.xcent -o /Users/runner/Library/Developer/Xcode/DerivedData/TranslateApp-dhxlwmsysdlfcpeksaunblwbmept/Build/Intermediates.noindex/ArchiveIntermediates/TranslateApp/IntermediateBuildFilesPath/TranslateApp.build/Release-iphoneos/TranslateApp.build/TranslateApp.app.xcent.der --raw

PhaseScriptExecution [CP]\ Check\ Pods\ Manifest.lock /Users/runner/Library/Developer/Xcode/DerivedData/TranslateApp-dhxlwmsysdlfcpeksaunblwbmept/Build/Intermediates.noindex/ArchiveIntermediates/TranslateApp/IntermediateBuildFilesPath/TranslateApp.build/Release-iphoneos/TranslateApp.build/Script-E455F24F4851E8E9A790FC27.sh (in target 'TranslateApp' from project 'TranslateApp')
    cd /Users/runner/work/Ultra_Translation/Ultra_Translation
    /bin/sh -c /Users/runner/Library/Developer/Xcode/DerivedData/TranslateApp-dhxlwmsysdlfcpeksaunblwbmept/Build/Intermediates.noindex/ArchiveIntermediates/TranslateApp/IntermediateBuildFilesPath/TranslateApp.build/Release-iphoneos/TranslateApp.build/Script-E455F24F4851E8E9A790FC27.sh

MkDir /Users/runner/Library/Developer/Xcode/DerivedData/TranslateApp-dhxlwmsysdlfcpeksaunblwbmept/Build/Intermediates.noindex/ArchiveIntermediates/TranslateApp/IntermediateBuildFilesPath/TranslateApp.build/Release-iphoneos/TranslateApp.build/assetcatalog_output/unthinned (in target 'TranslateApp' from project 'TranslateApp')
    cd /Users/runner/work/Ultra_Translation/Ultra_Translation
    /bin/mkdir -p /Users/runner/Library/Developer/Xcode/DerivedData/TranslateApp-dhxlwmsysdlfcpeksaunblwbmept/Build/Intermediates.noindex/ArchiveIntermediates/TranslateApp/IntermediateBuildFilesPath/TranslateApp.build/Release-iphoneos/TranslateApp.build/assetcatalog_output/unthinned

MkDir /Users/runner/Library/Developer/Xcode/DerivedData/TranslateApp-dhxlwmsysdlfcpeksaunblwbmept/Build/Intermediates.noindex/ArchiveIntermediates/TranslateApp/IntermediateBuildFilesPath/TranslateApp.build/Release-iphoneos/TranslateApp.build/assetcatalog_output/thinned (in target 'TranslateApp' from project 'TranslateApp')
    cd /Users/runner/work/Ultra_Translation/Ultra_Translation
    /bin/mkdir -p /Users/runner/Library/Developer/Xcode/DerivedData/TranslateApp-dhxlwmsysdlfcpeksaunblwbmept/Build/Intermediates.noindex/ArchiveIntermediates/TranslateApp/IntermediateBuildFilesPath/TranslateApp.build/Release-iphoneos/TranslateApp.build/assetcatalog_output/thinned

GenerateAssetSymbols /Users/runner/work/Ultra_Translation/Ultra_Translation/TranslateApp/Resources/Assets.xcassets (in target 'TranslateApp' from project 'TranslateApp')
    cd /Users/runner/work/Ultra_Translation/Ultra_Translation
    /Applications/Xcode_26.3.app/Contents/Developer/usr/bin/actool /Users/runner/work/Ultra_Translation/Ultra_Translation/TranslateApp/Resources/Assets.xcassets --compile /Users/runner/Library/Developer/Xcode/DerivedData/TranslateApp-dhxlwmsysdlfcpeksaunblwbmept/Build/Intermediates.noindex/ArchiveIntermediates/TranslateApp/InstallationBuildProductsLocation/Applications/TranslateApp.app --output-format human-readable-text --notices --warnings --export-dependency-info /Users/runner/Library/Developer/Xcode/DerivedData/TranslateApp-dhxlwmsysdlfcpeksaunblwbmept/Build/Intermediates.noindex/ArchiveIntermediates/TranslateApp/IntermediateBuildFilesPath/TranslateApp.build/Release-iphoneos/TranslateApp.build/assetcatalog_dependencies --output-partial-info-plist /Users/runner/Library/Developer/Xcode/DerivedData/TranslateApp-dhxlwmsysdlfcpeksaunblwbmept/Build/Intermediates.noindex/ArchiveIntermediates/TranslateApp/IntermediateBuildFilesPath/TranslateApp.build/Release-iphoneos/TranslateApp.build/assetcatalog_generated_info.plist --app-icon AppIcon --include-all-app-icons --compress-pngs --enable-on-demand-resources YES --development-region en --target-device iphone --minimum-deployment-target 16.0 --platform iphoneos --bundle-identifier com.yahsi.trasnslate.app --generate-swift-asset-symbol-extensions NO --generate-swift-asset-symbols /Users/runner/Library/Developer/Xcode/DerivedData/TranslateApp-dhxlwmsysdlfcpeksaunblwbmept/Build/Intermediates.noindex/ArchiveIntermediates/TranslateApp/IntermediateBuildFilesPath/TranslateApp.build/Release-iphoneos/TranslateApp.build/DerivedSources/GeneratedAssetSymbols.swift --generate-objc-asset-symbols /Users/runner/Library/Developer/Xcode/DerivedData/TranslateApp-dhxlwmsysdlfcpeksaunblwbmept/Build/Intermediates.noindex/ArchiveIntermediates/TranslateApp/IntermediateBuildFilesPath/TranslateApp.build/Release-iphoneos/TranslateApp.build/DerivedSources/GeneratedAssetSymbols.h --generate-asset-symbol-index /Users/runner/Library/Developer/Xcode/DerivedData/TranslateApp-dhxlwmsysdlfcpeksaunblwbmept/Build/Intermediates.noindex/ArchiveIntermediates/TranslateApp/IntermediateBuildFilesPath/TranslateApp.build/Release-iphoneos/TranslateApp.build/DerivedSources/GeneratedAssetSymbols-Index.plist
/* com.apple.actool.compilation-results */
/Users/runner/Library/Developer/Xcode/DerivedData/TranslateApp-dhxlwmsysdlfcpeksaunblwbmept/Build/Intermediates.noindex/ArchiveIntermediates/TranslateApp/IntermediateBuildFilesPath/TranslateApp.build/Release-iphoneos/TranslateApp.build/DerivedSources/GeneratedAssetSymbols-Index.plist
/Users/runner/Library/Developer/Xcode/DerivedData/TranslateApp-dhxlwmsysdlfcpeksaunblwbmept/Build/Intermediates.noindex/ArchiveIntermediates/TranslateApp/IntermediateBuildFilesPath/TranslateApp.build/Release-iphoneos/TranslateApp.build/DerivedSources/GeneratedAssetSymbols.h
/Users/runner/Library/Developer/Xcode/DerivedData/TranslateApp-dhxlwmsysdlfcpeksaunblwbmept/Build/Intermediates.noindex/ArchiveIntermediates/TranslateApp/IntermediateBuildFilesPath/TranslateApp.build/Release-iphoneos/TranslateApp.build/DerivedSources/GeneratedAssetSymbols.swift


CopyStringsFile /Users/runner/Library/Developer/Xcode/DerivedData/TranslateApp-dhxlwmsysdlfcpeksaunblwbmept/Build/Intermediates.noindex/ArchiveIntermediates/TranslateApp/InstallationBuildProductsLocation/Applications/TranslateApp.app/zh-Hans.lproj/Localizable.strings /Users/runner/work/Ultra_Translation/Ultra_Translation/TranslateApp/zh-Hans.lproj/Localizable.strings (in target 'TranslateApp' from project 'TranslateApp')
    cd /Users/runner/work/Ultra_Translation/Ultra_Translation
    builtin-copyStrings --validate --outputencoding binary --outfilename Localizable.strings --outdir /Users/runner/Library/Developer/Xcode/DerivedData/TranslateApp-dhxlwmsysdlfcpeksaunblwbmept/Build/Intermediates.noindex/ArchiveIntermediates/TranslateApp/InstallationBuildProductsLocation/Applications/TranslateApp.app/zh-Hans.lproj -- /Users/runner/work/Ultra_Translation/Ultra_Translation/TranslateApp/zh-Hans.lproj/Localizable.strings
/Users/runner/work/Ultra_Translation/Ultra_Translation/TranslateApp/zh-Hans.lproj/Localizable.strings:1:1: note: detected encoding of input file as Unicode (UTF-8) (in target 'TranslateApp' from project 'TranslateApp')

CopyStringsFile /Users/runner/Library/Developer/Xcode/DerivedData/TranslateApp-dhxlwmsysdlfcpeksaunblwbmept/Build/Intermediates.noindex/ArchiveIntermediates/TranslateApp/InstallationBuildProductsLocation/Applications/TranslateApp.app/zh-Hans.lproj/InfoPlist.strings /Users/runner/work/Ultra_Translation/Ultra_Translation/TranslateApp/zh-Hans.lproj/InfoPlist.strings (in target 'TranslateApp' from project 'TranslateApp')
    cd /Users/runner/work/Ultra_Translation/Ultra_Translation
    builtin-copyStrings --validate --outputencoding binary --outfilename InfoPlist.strings --outdir /Users/runner/Library/Developer/Xcode/DerivedData/TranslateApp-dhxlwmsysdlfcpeksaunblwbmept/Build/Intermediates.noindex/ArchiveIntermediates/TranslateApp/InstallationBuildProductsLocation/Applications/TranslateApp.app/zh-Hans.lproj -- /Users/runner/work/Ultra_Translation/Ultra_Translation/TranslateApp/zh-Hans.lproj/InfoPlist.strings
/Users/runner/work/Ultra_Translation/Ultra_Translation/TranslateApp/zh-Hans.lproj/InfoPlist.strings:1:1: note: detected encoding of input file as Unicode (UTF-8) (in target 'TranslateApp' from project 'TranslateApp')

CopyStringsFile /Users/runner/Library/Developer/Xcode/DerivedData/TranslateApp-dhxlwmsysdlfcpeksaunblwbmept/Build/Intermediates.noindex/ArchiveIntermediates/TranslateApp/InstallationBuildProductsLocation/Applications/TranslateApp.app/en.lproj/Localizable.strings /Users/runner/work/Ultra_Translation/Ultra_Translation/TranslateApp/en.lproj/Localizable.strings (in target 'TranslateApp' from project 'TranslateApp')
    cd /Users/runner/work/Ultra_Translation/Ultra_Translation
    builtin-copyStrings --validate --outputencoding binary --outfilename Localizable.strings --outdir /Users/runner/Library/Developer/Xcode/DerivedData/TranslateApp-dhxlwmsysdlfcpeksaunblwbmept/Build/Intermediates.noindex/ArchiveIntermediates/TranslateApp/InstallationBuildProductsLocation/Applications/TranslateApp.app/en.lproj -- /Users/runner/work/Ultra_Translation/Ultra_Translation/TranslateApp/en.lproj/Localizable.strings
/Users/runner/work/Ultra_Translation/Ultra_Translation/TranslateApp/en.lproj/Localizable.strings:1:1: note: detected encoding of input file as Unicode (UTF-8) (in target 'TranslateApp' from project 'TranslateApp')

CopyStringsFile /Users/runner/Library/Developer/Xcode/DerivedData/TranslateApp-dhxlwmsysdlfcpeksaunblwbmept/Build/Intermediates.noindex/ArchiveIntermediates/TranslateApp/InstallationBuildProductsLocation/Applications/TranslateApp.app/en.lproj/InfoPlist.strings /Users/runner/work/Ultra_Translation/Ultra_Translation/TranslateApp/en.lproj/InfoPlist.strings (in target 'TranslateApp' from project 'TranslateApp')
    cd /Users/runner/work/Ultra_Translation/Ultra_Translation
    builtin-copyStrings --validate --outputencoding binary --outfilename InfoPlist.strings --outdir /Users/runner/Library/Developer/Xcode/DerivedData/TranslateApp-dhxlwmsysdlfcpeksaunblwbmept/Build/Intermediates.noindex/ArchiveIntermediates/TranslateApp/InstallationBuildProductsLocation/Applications/TranslateApp.app/en.lproj -- /Users/runner/work/Ultra_Translation/Ultra_Translation/TranslateApp/en.lproj/InfoPlist.strings
/Users/runner/work/Ultra_Translation/Ultra_Translation/TranslateApp/en.lproj/InfoPlist.strings:1:1: note: detected encoding of input file as Unicode (UTF-8) (in target 'TranslateApp' from project 'TranslateApp')

CompileAssetCatalogVariant thinned /Users/runner/Library/Developer/Xcode/DerivedData/TranslateApp-dhxlwmsysdlfcpeksaunblwbmept/Build/Intermediates.noindex/ArchiveIntermediates/TranslateApp/InstallationBuildProductsLocation/Applications/TranslateApp.app /Users/runner/work/Ultra_Translation/Ultra_Translation/TranslateApp/Resources/Assets.xcassets (in target 'TranslateApp' from project 'TranslateApp')
    cd /Users/runner/work/Ultra_Translation/Ultra_Translation
    /Applications/Xcode_26.3.app/Contents/Developer/usr/bin/actool /Users/runner/work/Ultra_Translation/Ultra_Translation/TranslateApp/Resources/Assets.xcassets --compile /Users/runner/Library/Developer/Xcode/DerivedData/TranslateApp-dhxlwmsysdlfcpeksaunblwbmept/Build/Intermediates.noindex/ArchiveIntermediates/TranslateApp/IntermediateBuildFilesPath/TranslateApp.build/Release-iphoneos/TranslateApp.build/assetcatalog_output/thinned --output-format human-readable-text --notices --warnings --export-dependency-info /Users/runner/Library/Developer/Xcode/DerivedData/TranslateApp-dhxlwmsysdlfcpeksaunblwbmept/Build/Intermediates.noindex/ArchiveIntermediates/TranslateApp/IntermediateBuildFilesPath/TranslateApp.build/Release-iphoneos/TranslateApp.build/assetcatalog_dependencies_thinned --output-partial-info-plist /Users/runner/Library/Developer/Xcode/DerivedData/TranslateApp-dhxlwmsysdlfcpeksaunblwbmept/Build/Intermediates.noindex/ArchiveIntermediates/TranslateApp/IntermediateBuildFilesPath/TranslateApp.build/Release-iphoneos/TranslateApp.build/assetcatalog_generated_info.plist_thinned --app-icon AppIcon --include-all-app-icons --compress-pngs --enable-on-demand-resources YES --development-region en --target-device iphone --minimum-deployment-target 16.0 --platform iphoneos
/Users/runner/work/Ultra_Translation/Ultra_Translation/TranslateApp/Modules/Settings/AboutView.swift:10:8: error: Unable to find module dependency: 'SubscriptionKit'
import SubscriptionKit
       ^
/Users/runner/work/Ultra_Translation/Ultra_Translation/TranslateApp/Modules/Settings/AboutView.swift:10:8: note: a dependency of main module 'TranslateApp'
import SubscriptionKit
       ^
/Users/runner/work/Ultra_Translation/Ultra_Translation/TranslateApp/Modules/Conversation/ConversationView.swift:9:8: note: also imported here
import SubscriptionKit
       ^
/Users/runner/work/Ultra_Translation/Ultra_Translation/TranslateApp/Modules/Settings/DeveloperDebugView.swift:9:8: note: also imported here
import SubscriptionKit
       ^
/Users/runner/work/Ultra_Translation/Ultra_Translation/TranslateApp/Presentation/Components/LanguageSelectionSheet.swift:9:8: note: also imported here
import SubscriptionKit
       ^
/Users/runner/work/Ultra_Translation/Ultra_Translation/TranslateApp/App/MainTabView.swift:9:8: note: also imported here
import SubscriptionKit
       ^
/Users/runner/work/Ultra_Translation/Ultra_Translation/TranslateApp/Modules/Settings/ModelManagementView.swift:9:8: note: also imported here
import SubscriptionKit
       ^
/Users/runner/work/Ultra_Translation/Ultra_Translation/TranslateApp/Modules/Settings/OfflineManagementView.swift:9:8: note: also imported here
import SubscriptionKit
       ^
/Users/runner/work/Ultra_Translation/Ultra_Translation/TranslateApp/Modules/Launch/OnboardingView.swift:11:8: note: also imported here
import SubscriptionKit
       ^
/Users/runner/work/Ultra_Translation/Ultra_Translation/TranslateApp/Modules/Paywall/PaywallView.swift:11:8: note: also imported here
import SubscriptionKit
       ^
/Users/runner/work/Ultra_Translation/Ultra_Translation/TranslateApp/Modules/Photo/PhotoView.swift:9:8: note: also imported here
import SubscriptionKit
       ^
/Users/runner/work/Ultra_Translation/Ultra_Translation/TranslateApp/Presentation/Components/RecommendedAppsView.swift:10:8: note: also imported here
import SubscriptionKit
       ^
/Users/runner/work/Ultra_Translation/Ultra_Translation/TranslateApp/App/RootView.swift:9:8: note: also imported here
import SubscriptionKit
       ^
/Users/runner/work/Ultra_Translation/Ultra_Translation/TranslateApp/Modules/Settings/SettingsView.swift:10:8: note: also imported here
import SubscriptionKit
       ^
/Users/runner/work/Ultra_Translation/Ultra_Translation/TranslateApp/Modules/Launch/SplashView.swift:10:8: note: also imported here
import SubscriptionKit
       ^
/Users/runner/work/Ultra_Translation/Ultra_Translation/TranslateApp/App/TranslateApp.swift:10:8: note: also imported here
import SubscriptionKit
       ^
/Users/runner/work/Ultra_Translation/Ultra_Translation/TranslateApp/Modules/Translate/TranslateDetailView.swift:9:8: note: also imported here
import SubscriptionKit
       ^
/Users/runner/work/Ultra_Translation/Ultra_Translation/TranslateApp/Modules/Translate/TranslateHomeView.swift:9:8: note: also imported here
import SubscriptionKit
       ^

SwiftDriver TranslateApp normal arm64 com.apple.xcode.tools.swift.compiler (in target 'TranslateApp' from project 'TranslateApp')
    cd /Users/runner/work/Ultra_Translation/Ultra_Translation
    builtin-SwiftDriver -- /Applications/Xcode_26.3.app/Contents/Developer/Toolchains/XcodeDefault.xctoolchain/usr/bin/swiftc -module-name TranslateApp -O -whole-module-optimization -enforce-exclusivity\=checked @/Users/runner/Library/Developer/Xcode/DerivedData/TranslateApp-dhxlwmsysdlfcpeksaunblwbmept/Build/Intermediates.noindex/ArchiveIntermediates/TranslateApp/IntermediateBuildFilesPath/TranslateApp.build/Release-iphoneos/TranslateApp.build/Objects-normal/arm64/TranslateApp.SwiftFileList -D COCOAPODS -enable-bare-slash-regex -enable-experimental-feature DebugDescriptionMacro -sdk /Applications/Xcode_26.3.app/Contents/Developer/Platforms/iPhoneOS.platform/Developer/SDKs/iPhoneOS26.2.sdk -target arm64-apple-ios16.0 -g -module-cache-path /Users/runner/Library/Developer/Xcode/DerivedData/ModuleCache.noindex -Xfrontend -serialize-debugging-options -swift-version 5 -I /Users/runner/Library/Developer/Xcode/DerivedData/TranslateApp-dhxlwmsysdlfcpeksaunblwbmept/Build/Intermediates.noindex/ArchiveIntermediates/TranslateApp/BuildProductsPath/Release-iphoneos -F /Users/runner/Library/Developer/Xcode/DerivedData/TranslateApp-dhxlwmsysdlfcpeksaunblwbmept/Build/Intermediates.noindex/ArchiveIntermediates/TranslateApp/BuildProductsPath/Release-iphoneos -F /Users/runner/Library/Developer/Xcode/DerivedData/TranslateApp-dhxlwmsysdlfcpeksaunblwbmept/Build/Intermediates.noindex/ArchiveIntermediates/TranslateApp/BuildProductsPath/Release-iphoneos/GTMSessionFetcher -F /Users/runner/Library/Developer/Xcode/DerivedData/TranslateApp-dhxlwmsysdlfcpeksaunblwbmept/Build/Intermediates.noindex/ArchiveIntermediates/TranslateApp/BuildProductsPath/Release-iphoneos/GoogleDataTransport -F /Users/runner/Library/Developer/Xcode/DerivedData/TranslateApp-dhxlwmsysdlfcpeksaunblwbmept/Build/Intermediates.noindex/ArchiveIntermediates/TranslateApp/BuildProductsPath/Release-iphoneos/GoogleToolboxForMac -F /Users/runner/Library/Developer/Xcode/DerivedData/TranslateApp-dhxlwmsysdlfcpeksaunblwbmept/Build/Intermediates.noindex/ArchiveIntermediates/TranslateApp/BuildProductsPath/Release-iphoneos/GoogleUtilities -F /Users/runner/Library/Developer/Xcode/DerivedData/TranslateApp-dhxlwmsysdlfcpeksaunblwbmept/Build/Intermediates.noindex/ArchiveIntermediates/TranslateApp/BuildProductsPath/Release-iphoneos/PromisesObjC -F /Users/runner/Library/Developer/Xcode/DerivedData/TranslateApp-dhxlwmsysdlfcpeksaunblwbmept/Build/Intermediates.noindex/ArchiveIntermediates/TranslateApp/BuildProductsPath/Release-iphoneos/SSZipArchive -F /Users/runner/Library/Developer/Xcode/DerivedData/TranslateApp-dhxlwmsysdlfcpeksaunblwbmept/Build/Intermediates.noindex/ArchiveIntermediates/TranslateApp/BuildProductsPath/Release-iphoneos/SubscriptionKit -F /Users/runner/Library/Developer/Xcode/DerivedData/TranslateApp-dhxlwmsysdlfcpeksaunblwbmept/Build/Intermediates.noindex/ArchiveIntermediates/TranslateApp/BuildProductsPath/Release-iphoneos/nanopb -F /Users/runner/work/Ultra_Translation/Ultra_Translation/Pods/MLKitCommon/Frameworks -F /Users/runner/work/Ultra_Translation/Ultra_Translation/Pods/MLKitNaturalLanguage/Frameworks -F /Users/runner/work/Ultra_Translation/Ultra_Translation/Pods/MLKitTranslate/Frameworks -F /Users/runner/work/Ultra_Translation/Ultra_Translation/Pods/UMCommon/UMCommon_7.5.10 -F /Users/runner/work/Ultra_Translation/Ultra_Translation/Pods/UMDevice/UMDevice_3.5.0 -F /Users/runner/Library/Developer/Xcode/DerivedData/TranslateApp-dhxlwmsysdlfcpeksaunblwbmept/Build/Intermediates.noindex/ArchiveIntermediates/TranslateApp/BuildProductsPath/Release-iphoneos/XCFrameworkIntermediates/UMCommon -F /Users/runner/Library/Developer/Xcode/DerivedData/TranslateApp-dhxlwmsysdlfcpeksaunblwbmept/Build/Intermediates.noindex/ArchiveIntermediates/TranslateApp/BuildProductsPath/Release-iphoneos/XCFrameworkIntermediates/UMDevice -c -num-threads 3 -Xcc -ivfsstatcache -Xcc /Users/runner/Library/Developer/Xcode/DerivedData/SDKStatCaches.noindex/iphoneos26.2-23C57-dc75598d0054f22ec865fa860f139d722dd23b4ebda140f7210d155ff1243552.sdkstatcache -output-file-map /Users/runner/Library/Developer/Xcode/DerivedData/TranslateApp-dhxlwmsysdlfcpeksaunblwbmept/Build/Intermediates.noindex/ArchiveIntermediates/TranslateApp/IntermediateBuildFilesPath/TranslateApp.build/Release-iphoneos/TranslateApp.build/Objects-normal/arm64/TranslateApp-OutputFileMap.json -use-frontend-parseable-output -save-temps -no-color-diagnostics -explicit-module-build -module-cache-path /Users/runner/Library/Developer/Xcode/DerivedData/TranslateApp-dhxlwmsysdlfcpeksaunblwbmept/Build/Intermediates.noindex/ArchiveIntermediates/TranslateApp/IntermediateBuildFilesPath/SwiftExplicitPrecompiledModules -clang-scanner-module-cache-path /Users/runner/Library/Developer/Xcode/DerivedData/ModuleCache.noindex -sdk-module-cache-path /Users/runner/Library/Developer/Xcode/DerivedData/ModuleCache.noindex -serialize-diagnostics -emit-dependencies -emit-module -emit-module-path /Users/runner/Library/Developer/Xcode/DerivedData/TranslateApp-dhxlwmsysdlfcpeksaunblwbmept/Build/Intermediates.noindex/ArchiveIntermediates/TranslateApp/IntermediateBuildFilesPath/TranslateApp.build/Release-iphoneos/TranslateApp.build/Objects-normal/arm64/TranslateApp.swiftmodule -validate-clang-modules-once -clang-build-session-file /Users/runner/Library/Developer/Xcode/DerivedData/ModuleCache.noindex/Session.modulevalidation -Xcc -I/Users/runner/Library/Developer/Xcode/DerivedData/TranslateApp-dhxlwmsysdlfcpeksaunblwbmept/Build/Intermediates.noindex/ArchiveIntermediates/TranslateApp/IntermediateBuildFilesPath/TranslateApp.build/Release-iphoneos/TranslateApp.build/swift-overrides.hmap -emit-const-values -Xfrontend -const-gather-protocols-file -Xfrontend /Users/runner/Library/Developer/Xcode/DerivedData/TranslateApp-dhxlwmsysdlfcpeksaunblwbmept/Build/Intermediates.noindex/ArchiveIntermediates/TranslateApp/IntermediateBuildFilesPath/TranslateApp.build/Release-iphoneos/TranslateApp.build/Objects-normal/arm64/TranslateApp_const_extract_protocols.json -Xcc -iquote -Xcc /Users/runner/Library/Developer/Xcode/DerivedData/TranslateApp-dhxlwmsysdlfcpeksaunblwbmept/Build/Intermediates.noindex/ArchiveIntermediates/TranslateApp/IntermediateBuildFilesPath/TranslateApp.build/Release-iphoneos/TranslateApp.build/TranslateApp-generated-files.hmap -Xcc -I/Users/runner/Library/Developer/Xcode/DerivedData/TranslateApp-dhxlwmsysdlfcpeksaunblwbmept/Build/Intermediates.noindex/ArchiveIntermediates/TranslateApp/IntermediateBuildFilesPath/TranslateApp.build/Release-iphoneos/TranslateApp.build/TranslateApp-own-target-headers.hmap -Xcc -I/Users/runner/Library/Developer/Xcode/DerivedData/TranslateApp-dhxlwmsysdlfcpeksaunblwbmept/Build/Intermediates.noindex/ArchiveIntermediates/TranslateApp/IntermediateBuildFilesPath/TranslateApp.build/Release-iphoneos/TranslateApp.build/TranslateApp-all-target-headers.hmap -Xcc -iquote -Xcc /Users/runner/Library/Developer/Xcode/DerivedData/TranslateApp-dhxlwmsysdlfcpeksaunblwbmept/Build/Intermediates.noindex/ArchiveIntermediates/TranslateApp/IntermediateBuildFilesPath/TranslateApp.build/Release-iphoneos/TranslateApp.build/TranslateApp-project-headers.hmap -Xcc -I/Users/runner/Library/Developer/Xcode/DerivedData/TranslateApp-dhxlwmsysdlfcpeksaunblwbmept/Build/Intermediates.noindex/ArchiveIntermediates/TranslateApp/BuildProductsPath/Release-iphoneos/include -Xcc -I/Users/runner/Library/Developer/Xcode/DerivedData/TranslateApp-dhxlwmsysdlfcpeksaunblwbmept/Build/Intermediates.noindex/ArchiveIntermediates/TranslateApp/BuildProductsPath/Release-iphoneos/GTMSessionFetcher/GTMSessionFetcher.framework/Headers -Xcc -I/Users/runner/Library/Developer/Xcode/DerivedData/TranslateApp-dhxlwmsysdlfcpeksaunblwbmept/Build/Intermediates.noindex/ArchiveIntermediates/TranslateApp/BuildProductsPath/Release-iphoneos/GoogleDataTransport/GoogleDataTransport.framework/Headers -Xcc -I/Users/runner/Library/Developer/Xcode/DerivedData/TranslateApp-dhxlwmsysdlfcpeksaunblwbmept/Build/Intermediates.noindex/ArchiveIntermediates/TranslateApp/BuildProductsPath/Release-iphoneos/GoogleToolboxForMac/GoogleToolboxForMac.framework/Headers -Xcc -I/Users/runner/Library/Developer/Xcode/DerivedData/TranslateApp-dhxlwmsysdlfcpeksaunblwbmept/Build/Intermediates.noindex/ArchiveIntermediates/TranslateApp/BuildProductsPath/Release-iphoneos/GoogleUtilities/GoogleUtilities.framework/Headers -Xcc -I/Users/runner/Library/Developer/Xcode/DerivedData/TranslateApp-dhxlwmsysdlfcpeksaunblwbmept/Build/Intermediates.noindex/ArchiveIntermediates/TranslateApp/BuildProductsPath/Release-iphoneos/PromisesObjC/FBLPromises.framework/Headers -Xcc -I/Users/runner/Library/Developer/Xcode/DerivedData/TranslateApp-dhxlwmsysdlfcpeksaunblwbmept/Build/Intermediates.noindex/ArchiveIntermediates/TranslateApp/BuildProductsPath/Release-iphoneos/SSZipArchive/SSZipArchive.framework/Headers -Xcc -I/Users/runner/Library/Developer/Xcode/DerivedData/TranslateApp-dhxlwmsysdlfcpeksaunblwbmept/Build/Intermediates.noindex/ArchiveIntermediates/TranslateApp/BuildProductsPath/Release-iphoneos/SubscriptionKit/SubscriptionKit.framework/Headers -Xcc -I/Users/runner/Library/Developer/Xcode/DerivedData/TranslateApp-dhxlwmsysdlfcpeksaunblwbmept/Build/Intermediates.noindex/ArchiveIntermediates/TranslateApp/BuildProductsPath/Release-iphoneos/nanopb/nanopb.framework/Headers -Xcc -I/Users/runner/work/Ultra_Translation/Ultra_Translation/Pods/Headers/Public -Xcc -I/Users/runner/work/Ultra_Translation/Ultra_Translation/Pods/Headers/Public/GoogleMLKit -Xcc -I/Users/runner/work/Ultra_Translation/Ultra_Translation/Pods/GoogleMLKit/MLKitCore/Sources -Xcc -I/Users/runner/Library/Developer/Xcode/DerivedData/TranslateApp-dhxlwmsysdlfcpeksaunblwbmept/Build/Intermediates.noindex/ArchiveIntermediates/TranslateApp/IntermediateBuildFilesPath/TranslateApp.build/Release-iphoneos/TranslateApp.build/DerivedSources-normal/arm64 -Xcc -I/Users/runner/Library/Developer/Xcode/DerivedData/TranslateApp-dhxlwmsysdlfcpeksaunblwbmept/Build/Intermediates.noindex/ArchiveIntermediates/TranslateApp/IntermediateBuildFilesPath/TranslateApp.build/Release-iphoneos/TranslateApp.build/DerivedSources/arm64 -Xcc -I/Users/runner/Library/Developer/Xcode/DerivedData/TranslateApp-dhxlwmsysdlfcpeksaunblwbmept/Build/Intermediates.noindex/ArchiveIntermediates/TranslateApp/IntermediateBuildFilesPath/TranslateApp.build/Release-iphoneos/TranslateApp.build/DerivedSources -Xcc -DCOCOAPODS\=1 -Xcc -DPB_FIELD_32BIT\=1 -Xcc -DPB_NO_PACKED_STRUCTS\=1 -Xcc -DPB_ENABLE_MALLOC\=1 -emit-objc-header -emit-objc-header-path /Users/runner/Library/Developer/Xcode/DerivedData/TranslateApp-dhxlwmsysdlfcpeksaunblwbmept/Build/Intermediates.noindex/ArchiveIntermediates/TranslateApp/IntermediateBuildFilesPath/TranslateApp.build/Release-iphoneos/TranslateApp.build/Objects-normal/arm64/TranslateApp-Swift.h -working-directory /Users/runner/work/Ultra_Translation/Ultra_Translation -no-emit-module-separately-wmo
/Users/runner/work/Ultra_Translation/Ultra_Translation/TranslateApp/Modules/Settings/AboutView.swift:10:8: error: Unable to find module dependency: 'SubscriptionKit'
import SubscriptionKit
       ^ (in target 'TranslateApp' from project 'TranslateApp')
/Users/runner/work/Ultra_Translation/Ultra_Translation/TranslateApp/Modules/Settings/AboutView.swift:10:8: note: A dependency of main module 'TranslateApp'
import SubscriptionKit
       ^ (in target 'TranslateApp' from project 'TranslateApp')
/Users/runner/work/Ultra_Translation/Ultra_Translation/TranslateApp/Modules/Conversation/ConversationView.swift:9:8: note: Also imported here
import SubscriptionKit
       ^ (in target 'TranslateApp' from project 'TranslateApp')
/Users/runner/work/Ultra_Translation/Ultra_Translation/TranslateApp/Modules/Settings/DeveloperDebugView.swift:9:8: note: Also imported here
import SubscriptionKit
       ^ (in target 'TranslateApp' from project 'TranslateApp')
/Users/runner/work/Ultra_Translation/Ultra_Translation/TranslateApp/Presentation/Components/LanguageSelectionSheet.swift:9:8: note: Also imported here
import SubscriptionKit
       ^ (in target 'TranslateApp' from project 'TranslateApp')
/Users/runner/work/Ultra_Translation/Ultra_Translation/TranslateApp/App/MainTabView.swift:9:8: note: Also imported here
import SubscriptionKit
       ^ (in target 'TranslateApp' from project 'TranslateApp')
/Users/runner/work/Ultra_Translation/Ultra_Translation/TranslateApp/Modules/Settings/ModelManagementView.swift:9:8: note: Also imported here
import SubscriptionKit
       ^ (in target 'TranslateApp' from project 'TranslateApp')
/Users/runner/work/Ultra_Translation/Ultra_Translation/TranslateApp/Modules/Settings/OfflineManagementView.swift:9:8: note: Also imported here
import SubscriptionKit
       ^ (in target 'TranslateApp' from project 'TranslateApp')
/Users/runner/work/Ultra_Translation/Ultra_Translation/TranslateApp/Modules/Launch/OnboardingView.swift:11:8: note: Also imported here
import SubscriptionKit
       ^ (in target 'TranslateApp' from project 'TranslateApp')
/Users/runner/work/Ultra_Translation/Ultra_Translation/TranslateApp/Modules/Paywall/PaywallView.swift:11:8: note: Also imported here
import SubscriptionKit
       ^ (in target 'TranslateApp' from project 'TranslateApp')
/Users/runner/work/Ultra_Translation/Ultra_Translation/TranslateApp/Modules/Photo/PhotoView.swift:9:8: note: Also imported here
import SubscriptionKit
       ^ (in target 'TranslateApp' from project 'TranslateApp')
/Users/runner/work/Ultra_Translation/Ultra_Translation/TranslateApp/Presentation/Components/RecommendedAppsView.swift:10:8: note: Also imported here
import SubscriptionKit
       ^ (in target 'TranslateApp' from project 'TranslateApp')
/Users/runner/work/Ultra_Translation/Ultra_Translation/TranslateApp/App/RootView.swift:9:8: note: Also imported here
import SubscriptionKit
       ^ (in target 'TranslateApp' from project 'TranslateApp')
/Users/runner/work/Ultra_Translation/Ultra_Translation/TranslateApp/Modules/Settings/SettingsView.swift:10:8: note: Also imported here
import SubscriptionKit
       ^ (in target 'TranslateApp' from project 'TranslateApp')
/Users/runner/work/Ultra_Translation/Ultra_Translation/TranslateApp/Modules/Launch/SplashView.swift:10:8: note: Also imported here
import SubscriptionKit
       ^ (in target 'TranslateApp' from project 'TranslateApp')
/Users/runner/work/Ultra_Translation/Ultra_Translation/TranslateApp/App/TranslateApp.swift:10:8: note: Also imported here
import SubscriptionKit
       ^ (in target 'TranslateApp' from project 'TranslateApp')
/Users/runner/work/Ultra_Translation/Ultra_Translation/TranslateApp/Modules/Translate/TranslateDetailView.swift:9:8: note: Also imported here
import SubscriptionKit
       ^ (in target 'TranslateApp' from project 'TranslateApp')
/Users/runner/work/Ultra_Translation/Ultra_Translation/TranslateApp/Modules/Translate/TranslateHomeView.swift:9:8: note: Also imported here
import SubscriptionKit
       ^ (in target 'TranslateApp' from project 'TranslateApp')

** ARCHIVE FAILED **


The following build commands failed:
	SwiftDriver TranslateApp normal arm64 com.apple.xcode.tools.swift.compiler (in target 'TranslateApp' from project 'TranslateApp')
	Archiving workspace TranslateApp with scheme TranslateApp
(2 failures)
